INFO: Running command: tar -C /home/linhao/Toolchain/development/llvm_image_analysis/work/signature/input -cf /home/linhao/Toolchain/development/llvm_image_analysis/work/signature/mic-gzip-efbig/tmplnwi_rs7.tar payload.bin
INFO: Running command: gzip -f /home/linhao/Toolchain/development/llvm_image_analysis/work/signature/mic-gzip-efbig/tmplnwi_rs7.tar
Traceback (most recent call last):
  File "/usr/lib/python3.12/shutil.py", line 886, in move
    os.rename(src, real_dst)
FileNotFoundError: [Errno 2] No such file or directory: '/home/linhao/Toolchain/development/llvm_image_analysis/work/signature/mic-gzip-efbig/tmplnwi_rs7.tar.gz' -> '/home/linhao/Toolchain/development/llvm_image_analysis/work/signature/mic-gzip-efbig/final.tar.gz'

During handling of the above exception, another exception occurred:

Traceback (most recent call last):
  File "/home/linhao/Toolchain/development/llvm_image_analysis/evidence/signature/run_experiment.py", line 36, in <module>
    result['make_tarball_return']=archive._make_tarball(str(output),str(W/'input'),archive._do_gzip)
                                  ^^^^^^^^^^^^^^^^^^^^^^^^^^^^^^^^^^^^^^^^^^^^^^^^^^^^^^^^^^^^^^^^^^
  File "/home/linhao/Toolchain/development/llvm_image_analysis/downloads/src/mic/mic/archive.py", line 346, in _make_tarball
    shutil.move(tarball_name, archive_name)
  File "/usr/lib/python3.12/shutil.py", line 906, in move
    copy_function(src, real_dst)
  File "/usr/lib/python3.12/shutil.py", line 475, in copy2
    copyfile(src, dst, follow_symlinks=follow_symlinks)
  File "/usr/lib/python3.12/shutil.py", line 260, in copyfile
    with open(src, 'rb') as fsrc:
         ^^^^^^^^^^^^^^^
FileNotFoundError: [Errno 2] No such file or directory: '/home/linhao/Toolchain/development/llvm_image_analysis/work/signature/mic-gzip-efbig/tmplnwi_rs7.tar.gz'
