INFO: Running command: gzip -f /home/linhao/Toolchain/development/llvm_image_analysis/work/original-probe/sigkill/input/rootfs.img
INFO: Running command: tar -C /home/linhao/Toolchain/development/llvm_image_analysis/work/original-probe/sigkill/input -cf /home/linhao/Toolchain/development/llvm_image_analysis/work/original-probe/sigkill/tmp02xu5t4j.tar rootfs.img
INFO: Running command: gzip -f /home/linhao/Toolchain/development/llvm_image_analysis/work/original-probe/sigkill/tmp02xu5t4j.tar
Traceback (most recent call last):
  File "/usr/lib/python3.12/shutil.py", line 886, in move
    os.rename(src, real_dst)
FileNotFoundError: [Errno 2] No such file or directory: '/home/linhao/Toolchain/development/llvm_image_analysis/work/original-probe/sigkill/tmp02xu5t4j.tar.gz' -> '/home/linhao/Toolchain/development/llvm_image_analysis/work/original-probe/sigkill/output.tar.gz'

During handling of the above exception, another exception occurred:

Traceback (most recent call last):
  File "/home/linhao/Toolchain/development/llvm_image_analysis/work/original_archive_probe.py", line 25, in <module>
    try: archive.packing(str(d/'output.tar.gz'),str(d/'input'))
         ^^^^^^^^^^^^^^^^^^^^^^^^^^^^^^^^^^^^^^^^^^^^^^^^^^^^^^
  File "/home/linhao/Toolchain/development/llvm_image_analysis/downloads/src/mic/mic/archive.py", line 453, in make_archive
    return func(archive_name, target_name, **kwargs)
           ^^^^^^^^^^^^^^^^^^^^^^^^^^^^^^^^^^^^^^^^^
  File "/home/linhao/Toolchain/development/llvm_image_analysis/downloads/src/mic/mic/archive.py", line 346, in _make_tarball
    shutil.move(tarball_name, archive_name)
  File "/usr/lib/python3.12/shutil.py", line 906, in move
    copy_function(src, real_dst)
  File "/usr/lib/python3.12/shutil.py", line 475, in copy2
    copyfile(src, dst, follow_symlinks=follow_symlinks)
  File "/usr/lib/python3.12/shutil.py", line 260, in copyfile
    with open(src, 'rb') as fsrc:
         ^^^^^^^^^^^^^^^
FileNotFoundError: [Errno 2] No such file or directory: '/home/linhao/Toolchain/development/llvm_image_analysis/work/original-probe/sigkill/tmp02xu5t4j.tar.gz'

