INFO: Running command: gzip -f /home/linhao/Toolchain/development/llvm_image_analysis/work/original-probe/exit1/input/rootfs.img
INFO: Running command: tar -C /home/linhao/Toolchain/development/llvm_image_analysis/work/original-probe/exit1/input -cf /home/linhao/Toolchain/development/llvm_image_analysis/work/original-probe/exit1/tmp1gbtbvyg.tar rootfs.img
INFO: Running command: gzip -f /home/linhao/Toolchain/development/llvm_image_analysis/work/original-probe/exit1/tmp1gbtbvyg.tar
INFO: Running command: gzip -f /home/linhao/Toolchain/development/llvm_image_analysis/work/original-probe/sigkill/input/rootfs.img
INFO: Running command: tar -C /home/linhao/Toolchain/development/llvm_image_analysis/work/original-probe/sigkill/input -cf /home/linhao/Toolchain/development/llvm_image_analysis/work/original-probe/sigkill/tmp_lb3fkfk.tar rootfs.img
INFO: Running command: gzip -f /home/linhao/Toolchain/development/llvm_image_analysis/work/original-probe/sigkill/tmp_lb3fkfk.tar
Traceback (most recent call last):
  File "/home/linhao/Toolchain/development/llvm_image_analysis/work/original_archive_probe.py", line 20, in <module>
    rec['mic_log']=(R/'evidence'/f'original-{mode}-mic.log').read_text()
                   ^^^^^^^^^^^^^^^^^^^^^^^^^^^^^^^^^^^^^^^^^^^^^^^^^^^^^
  File "/usr/lib/python3.12/pathlib.py", line 1029, in read_text
    with self.open(mode='r', encoding=encoding, errors=errors) as f:
         ^^^^^^^^^^^^^^^^^^^^^^^^^^^^^^^^^^^^^^^^^^^^^^^^^^^^^
  File "/usr/lib/python3.12/pathlib.py", line 1015, in open
    return io.open(self, mode, buffering, encoding, errors, newline)
           ^^^^^^^^^^^^^^^^^^^^^^^^^^^^^^^^^^^^^^^^^^^^^^^^^^^^^^^^^
FileNotFoundError: [Errno 2] No such file or directory: '/home/linhao/Toolchain/development/llvm_image_analysis/evidence/original-sigkill-mic.log'
Command exited with non-zero status 1
	Command being timed: "python3 work/original_archive_probe.py"
	User time (seconds): 0.06
	System time (seconds): 0.02
	Percent of CPU this job got: 93%
	Elapsed (wall clock) time (h:mm:ss or m:ss): 0:00.09
	Average shared text size (kbytes): 0
	Average unshared data size (kbytes): 0
	Average stack size (kbytes): 0
	Average total size (kbytes): 0
	Maximum resident set size (kbytes): 31412
	Average resident set size (kbytes): 0
	Major (requiring I/O) page faults: 0
	Minor (reclaiming a frame) page faults: 5031
	Voluntary context switches: 569
	Involuntary context switches: 4
	Swaps: 0
	File system inputs: 232
	File system outputs: 120
	Socket messages sent: 0
	Socket messages received: 0
	Signals delivered: 0
	Page size (bytes): 4096
	Exit status: 1
